
Discarded input sections

 .group         0x00000000        0x8 kernel/console.o
 .group         0x00000000        0x8 kernel/console.o
 .group         0x00000000        0x8 kernel/console.o
 .group         0x00000000        0x8 kernel/desc.o
 .group         0x00000000        0x8 kernel/desc.o
 .group         0x00000000        0x8 kernel/desc.o
 .group         0x00000000        0x8 kernel/exit.o
 .text.__x86.get_pc_thunk.bx
                0x00000000        0x4 kernel/exit.o
 .group         0x00000000        0x8 kernel/keyboard.o
 .text.__x86.get_pc_thunk.ax
                0x00000000        0x4 kernel/keyboard.o
 .group         0x00000000        0x8 kernel/panic.o
 .text.__x86.get_pc_thunk.bx
                0x00000000        0x4 kernel/panic.o
 .group         0x00000000        0x8 kernel/printk.o
 .text.__x86.get_pc_thunk.bx
                0x00000000        0x4 kernel/printk.o
 .group         0x00000000        0x8 kernel/sched.o
 .group         0x00000000        0x8 kernel/sched.o
 .group         0x00000000        0x8 kernel/sched.o
 .text.__x86.get_pc_thunk.ax
                0x00000000        0x4 kernel/sched.o
 .text.__x86.get_pc_thunk.dx
                0x00000000        0x4 kernel/sched.o
 .text.__x86.get_pc_thunk.bx
                0x00000000        0x4 kernel/sched.o
 .group         0x00000000        0x8 kernel/traps.o
 .text.__x86.get_pc_thunk.bx
                0x00000000        0x4 kernel/traps.o
 .group         0x00000000        0x8 kernel/tty_io.o
 .text.__x86.get_pc_thunk.bx
                0x00000000        0x4 kernel/tty_io.o
 .group         0x00000000        0x8 kernel/vsprintf.o
 .group         0x00000000        0x8 kernel/vsprintf.o
 .text.__x86.get_pc_thunk.ax
                0x00000000        0x4 kernel/vsprintf.o
 .text.__x86.get_pc_thunk.si
                0x00000000        0x4 kernel/vsprintf.o
 .group         0x00000000        0x8 init/main.o
 .text.__x86.get_pc_thunk.bx
                0x00000000        0x4 init/main.o
 .group         0x00000000        0x8 mm/memory.o
 .text.__x86.get_pc_thunk.bx
                0x00000000        0x4 mm/memory.o
 .group         0x00000000        0x8 tools/shell.o
 .text.__x86.get_pc_thunk.bx
                0x00000000        0x4 tools/shell.o

Memory Configuration

Name             Origin             Length             Attributes
*default*        0x00000000         0xffffffff

Linker script and memory map

                0x00100000                        . = 0x100000

.text           0x00100000     0x1e1c
 *(.multiboot)
 .multiboot     0x00100000        0xc boot/boot.o
                0x00100000                mboot
 *(.text)
 .text          0x0010000c        0x0 lib/string.o
 *fill*         0x0010000c        0x4 
 .text          0x00100010      0x2d6 kernel/asm.o
                0x00100010                divide_error
                0x00100034                debug
                0x00100058                nmi
                0x0010007c                int3
                0x001000a0                overflow
                0x001000c4                bounds
                0x001000e8                invalid_op
                0x0010010c                device_not_available
                0x00100130                double_fault
                0x00100152                coprocessor_segment_overrun
                0x00100176                invalid_TSS
                0x00100198                segment_not_present
                0x001001ba                stack_segment
                0x001001dc                general_protection
                0x001001fe                page_fault
                0x00100220                coprocessor_error
                0x00100244                reserved
                0x00100268                ignore_intr
                0x0010028a                timer_intr
                0x001002b8                kbd_intr
 *fill*         0x001002e6        0xa 
 .text          0x001002f0      0x309 kernel/console.o
                0x001002f0                gotoxy
                0x00100350                clrscr
                0x001003d0                puts
                0x001005e0                cons_init
 *fill*         0x001005f9        0x7 
 .text          0x00100600      0x197 kernel/desc.o
                0x00100600                intr_gate
                0x00100650                prot_init
                0x00100770                do_ignore_intr
 *fill*         0x00100797        0x9 
 .text          0x001007a0       0x20 kernel/exit.o
                0x001007a0                exit
 .text          0x001007c0      0x1ab kernel/keyboard.o
                0x001007c0                toascii
 *fill*         0x0010096b        0x5 
 .text          0x00100970      0x145 kernel/mktime.o
                0x00100970                kernel_mktime
 *fill*         0x00100ab5        0xb 
 .text          0x00100ac0       0x24 kernel/panic.o
                0x00100ac0                panic
 *fill*         0x00100ae4        0xc 
 .text          0x00100af0       0x39 kernel/printk.o
                0x00100af0                printk
 *fill*         0x00100b29        0x7 
 .text          0x00100b30       0xdc kernel/sched.o
                0x00100b30                do_timer
                0x00100b60                timer_wait
                0x00100ba0                sched_init
 *fill*         0x00100c0c        0x4 
 .text          0x00100c10      0x3d0 kernel/traps.o
                0x00100c10                trap_init
                0x00100d70                do_divide_error
                0x00100d90                do_debug
                0x00100db0                do_nmi
                0x00100dd0                do_int3
                0x00100df0                do_overflow
                0x00100e10                do_bounds
                0x00100e30                do_invalid_op
                0x00100e50                do_device_not_available
                0x00100e70                do_double_fault
                0x00100e90                do_coprocessor_segment_overrun
                0x00100eb0                do_invalid_TSS
                0x00100ed0                do_segment_not_present
                0x00100ef0                do_stack_segment
                0x00100f10                do_general_protection
                0x00100f30                do_page_fault
                0x00100f60                do_coprocessor_error
                0x00100f80                do_alignment_check
                0x00100fa0                do_machine_check
                0x00100fc0                do_reserved
 .text          0x00100fe0      0x19a kernel/tty_io.o
                0x00100fe0                do_kbd_intr
                0x00101120                kbd_init
                0x00101150                tty_init
 *fill*         0x0010117a        0x6 
 .text          0x00101180      0x8a8 kernel/vsprintf.o
                0x001014d0                vsprintf
 *fill*         0x00101a28        0x8 
 .text          0x00101a30       0x39 init/main.o
 *fill*         0x00101a69        0x7 
 .text          0x00101a70       0x3d boot/boot.o
                0x00101a70                _start
                0x00101a88                gdt_load
                0x00101aa5                idt_load
 *fill*         0x00101aad        0x3 
 .text          0x00101ab0       0x85 mm/memory.o
                0x00101ab0                setup_paging
 *fill*         0x00101b35        0xb 
 .text          0x00101b40       0x20 mm/page.o
                0x00101b40                load_page_directory
                0x00101b4e                enable_paging
 .text          0x00101b60      0x2bc tools/shell.o
                0x00101b60                prompt
                0x00101b80                shell
                0x00101ba0                proccmd

.iplt           0x00101e1c        0x0
 .iplt          0x00101e1c        0x0 lib/string.o

.text.__x86.get_pc_thunk.ax
                0x00101e1c        0x4
 .text.__x86.get_pc_thunk.ax
                0x00101e1c        0x4 kernel/console.o
                0x00101e1c                __x86.get_pc_thunk.ax

.text.__x86.get_pc_thunk.cx
                0x00101e20        0x4
 .text.__x86.get_pc_thunk.cx
                0x00101e20        0x4 kernel/console.o
                0x00101e20                __x86.get_pc_thunk.cx

.text.__x86.get_pc_thunk.si
                0x00101e24        0x4
 .text.__x86.get_pc_thunk.si
                0x00101e24        0x4 kernel/console.o
                0x00101e24                __x86.get_pc_thunk.si

.text.__x86.get_pc_thunk.dx
                0x00101e28        0x4
 .text.__x86.get_pc_thunk.dx
                0x00101e28        0x4 kernel/desc.o
                0x00101e28                __x86.get_pc_thunk.dx

.text.__x86.get_pc_thunk.bx
                0x00101e2c        0x4
 .text.__x86.get_pc_thunk.bx
                0x00101e2c        0x4 kernel/desc.o
                0x00101e2c                __x86.get_pc_thunk.bx

.text.__x86.get_pc_thunk.di
                0x00101e30        0x4
 .text.__x86.get_pc_thunk.di
                0x00101e30        0x4 kernel/desc.o
                0x00101e30                __x86.get_pc_thunk.di

.text.startup   0x00101e40       0x9f
 .text.startup  0x00101e40       0x9f init/main.o
                0x00101e40                main

.rodata         0x00102000      0x280
 *(.rodata)
 .rodata        0x00102000      0x1b8 kernel/keyboard.o
 .rodata        0x001021b8       0xc8 kernel/vsprintf.o

.eh_frame       0x00102280      0x9b0
 .eh_frame      0x00102280       0xf0 kernel/console.o
 .eh_frame      0x00102370       0xa8 kernel/desc.o
                                 0xc0 (size before relaxing)
 .eh_frame      0x00102418       0x20 kernel/exit.o
                                 0x4c (size before relaxing)
 .eh_frame      0x00102438       0x2c kernel/keyboard.o
                                 0x58 (size before relaxing)
 .eh_frame      0x00102464       0x40 kernel/mktime.o
                                 0x58 (size before relaxing)
 .eh_frame      0x001024a4       0x24 kernel/panic.o
                                 0x50 (size before relaxing)
 .eh_frame      0x001024c8       0x3c kernel/printk.o
                                 0x68 (size before relaxing)
 .eh_frame      0x00102504       0x64 kernel/sched.o
                                 0xb8 (size before relaxing)
 .eh_frame      0x00102568      0x3c0 kernel/traps.o
                                0x3ec (size before relaxing)
 .eh_frame      0x00102928       0xc0 kernel/tty_io.o
                                 0xec (size before relaxing)
 .eh_frame      0x001029e8       0xc0 kernel/vsprintf.o
                                0x100 (size before relaxing)
 .eh_frame      0x00102aa8       0x64 init/main.o
                                 0x90 (size before relaxing)
 .eh_frame      0x00102b0c       0x30 mm/memory.o
                                 0x5c (size before relaxing)
 .eh_frame      0x00102b3c       0xf4 tools/shell.o
                                0x120 (size before relaxing)

.rodata.str1.1  0x00102c30      0x2cc
 .rodata.str1.1
                0x00102c30      0x2cc kernel/desc.o
                                  0xf (size before relaxing)
 .rodata.str1.1
                0x00102efc       0x16 kernel/exit.o
 .rodata.str1.1
                0x00102efc       0x13 kernel/panic.o
 .rodata.str1.1
                0x00102efc      0x16e kernel/traps.o
 .rodata.str1.1
                0x00102efc        0xf kernel/tty_io.o
 .rodata.str1.1
                0x00102efc       0x45 init/main.o
 .rodata.str1.1
                0x00102efc       0xe6 tools/shell.o

.rodata.cst2    0x00102efc        0x2
 .rodata.cst2   0x00102efc        0x2 kernel/desc.o

.rodata.str1.4  0x00102f00      0x116
 .rodata.str1.4
                0x00102f00      0x116 kernel/vsprintf.o
                                 0x4d (size before relaxing)
 .rodata.str1.4
                0x00103016       0x41 init/main.o
 .rodata.str1.4
                0x00103016       0x82 tools/shell.o

.rel.dyn        0x00103018        0x0
 .rel.got       0x00103018        0x0 lib/string.o
 .rel.iplt      0x00103018        0x0 lib/string.o

.data           0x00104000        0x4
 *(.data)
 .data          0x00104000        0x0 lib/string.o
 .data          0x00104000        0x0 kernel/console.o
 .data          0x00104000        0x0 kernel/desc.o
 .data          0x00104000        0x0 kernel/exit.o
 .data          0x00104000        0x0 kernel/keyboard.o
 .data          0x00104000        0x0 kernel/mktime.o
 .data          0x00104000        0x0 kernel/panic.o
 .data          0x00104000        0x0 kernel/printk.o
 .data          0x00104000        0x4 kernel/sched.o
                0x00104000                interval
 .data          0x00104004        0x0 kernel/traps.o
 .data          0x00104004        0x0 kernel/tty_io.o
 .data          0x00104004        0x0 kernel/vsprintf.o
 .data          0x00104004        0x0 init/main.o
 .data          0x00104004        0x0 mm/memory.o
 .data          0x00104004        0x0 tools/shell.o

.got            0x00104004       0x44
 .got           0x00104004       0x44 lib/string.o

.got.plt        0x00104048        0xc
 .got.plt       0x00104048        0xc lib/string.o
                0x00104048                _GLOBAL_OFFSET_TABLE_

.igot.plt       0x00104054        0x0
 .igot.plt      0x00104054        0x0 lib/string.o

.bss            0x00105000     0x4000
 *(COMMON)
 *(.bss)
 .bss           0x00105000        0x0 lib/string.o
 .bss           0x00105000       0x10 kernel/console.o
                0x00105000                csr_y
                0x00105004                csr_x
                0x00105008                pos
 *fill*         0x00105010       0x10 
 .bss           0x00105020      0x840 kernel/desc.o
                0x00105020                idtp
                0x00105040                idt
                0x00105840                gdtp
                0x00105848                gdt
 .bss           0x00105860        0x0 kernel/exit.o
 .bss           0x00105860        0x3 kernel/keyboard.o
 .bss           0x00105863        0x0 kernel/mktime.o
 .bss           0x00105863        0x0 kernel/panic.o
 *fill*         0x00105863       0x1d 
 .bss           0x00105880      0x400 kernel/printk.o
 .bss           0x00105c80        0x8 kernel/sched.o
                0x00105c80                jiffies
 .bss           0x00105c88        0x0 kernel/traps.o
 *fill*         0x00105c88       0x18 
 .bss           0x00105ca0      0x120 kernel/tty_io.o
                0x00105ca0                inbfr
                0x00105cc0                bfr
 .bss           0x00105dc0        0x0 kernel/vsprintf.o
 .bss           0x00105dc0      0x400 init/main.o
 *fill*         0x001061c0      0xe40 
 .bss           0x00107000     0x2000 mm/memory.o
                0x00107000                page_table
                0x00108000                page_directory
 .bss           0x00109000        0x0 tools/shell.o
 *(.bootstrap_stack)
LOAD lib/string.o
LOAD kernel/asm.o
LOAD kernel/console.o
LOAD kernel/desc.o
LOAD kernel/exit.o
LOAD kernel/keyboard.o
LOAD kernel/mktime.o
LOAD kernel/panic.o
LOAD kernel/printk.o
LOAD kernel/sched.o
LOAD kernel/traps.o
LOAD kernel/tty_io.o
LOAD kernel/vsprintf.o
LOAD init/main.o
LOAD boot/boot.o
LOAD mm/memory.o
LOAD mm/page.o
LOAD tools/shell.o
OUTPUT(minios.bin elf32-i386)

.bootstrap_stack,
                0x00109000     0x4000
 .bootstrap_stack,
                0x00109000     0x4000 boot/boot.o

.comment        0x00000000       0x2b
 .comment       0x00000000       0x2b lib/string.o
                                 0x2c (size before relaxing)
 .comment       0x0000002b       0x2c kernel/console.o
 .comment       0x0000002b       0x2c kernel/desc.o
 .comment       0x0000002b       0x2c kernel/exit.o
 .comment       0x0000002b       0x2c kernel/keyboard.o
 .comment       0x0000002b       0x2c kernel/mktime.o
 .comment       0x0000002b       0x2c kernel/panic.o
 .comment       0x0000002b       0x2c kernel/printk.o
 .comment       0x0000002b       0x2c kernel/sched.o
 .comment       0x0000002b       0x2c kernel/traps.o
 .comment       0x0000002b       0x2c kernel/tty_io.o
 .comment       0x0000002b       0x2c kernel/vsprintf.o
 .comment       0x0000002b       0x2c init/main.o
 .comment       0x0000002b       0x2c mm/memory.o
 .comment       0x0000002b       0x2c tools/shell.o

.note.GNU-stack
                0x00000000        0x0
 .note.GNU-stack
                0x00000000        0x0 lib/string.o
 .note.GNU-stack
                0x00000000        0x0 kernel/console.o
 .note.GNU-stack
                0x00000000        0x0 kernel/desc.o
 .note.GNU-stack
                0x00000000        0x0 kernel/exit.o
 .note.GNU-stack
                0x00000000        0x0 kernel/keyboard.o
 .note.GNU-stack
                0x00000000        0x0 kernel/mktime.o
 .note.GNU-stack
                0x00000000        0x0 kernel/panic.o
 .note.GNU-stack
                0x00000000        0x0 kernel/printk.o
 .note.GNU-stack
                0x00000000        0x0 kernel/sched.o
 .note.GNU-stack
                0x00000000        0x0 kernel/traps.o
 .note.GNU-stack
                0x00000000        0x0 kernel/tty_io.o
 .note.GNU-stack
                0x00000000        0x0 kernel/vsprintf.o
 .note.GNU-stack
                0x00000000        0x0 init/main.o
 .note.GNU-stack
                0x00000000        0x0 mm/memory.o
 .note.GNU-stack
                0x00000000        0x0 tools/shell.o
